\contentsline {mymaps}{\numberline {1.1}\hspace {15pt}Außenlager des KZ Groß-Rosen}{18}{mymaps.1.1}%
\contentsline {mymaps}{\numberline {1.2}\hspace {15pt}Skizze des Lagers}{21}{mymaps.1.2}%
\contentsline {mymaps}{\numberline {1.3}\hspace {15pt}Geburtsorte der Häftlinge}{30}{mymaps.1.3}%
\contentsline {mymaps}{\numberline {1.4}\hspace {15pt}Stadtplan Görlitz 1943/44}{51}{mymaps.1.4}%
\contentsline {mymaps}{\numberline {1.5}\hspace {15pt}Skizze der Maschinenbauwerke der WUMAG 1944/45}{71}{mymaps.1.5}%
\contentsline {mymaps}{\numberline {2.1}\hspace {15pt}Todesmarsch}{93}{mymaps.2.1}%
\contentsline {mymaps}{\numberline {2.2}\hspace {15pt}Rennersdorf}{106}{mymaps.2.2}%
